
PC@DESKTOP-00PD6K2 MINGW64 ~ (main)
$ cd ~/Desktop/Git-tutorial

PC@DESKTOP-00PD6K2 MINGW64 ~/Desktop/Git-tutorial (main)
$ git init
Reinitialized existing Git repository in C:/Users/PC/Desktop/Git-tutorial/.git/

PC@DESKTOP-00PD6K2 MINGW64 ~/Desktop/Git-tutorial (main)
$ git status
On branch main

No commits yet

nothing to commit (create/copy files and use "git add" to track)

PC@DESKTOP-00PD6K2 MINGW64 ~/Desktop/Git-tutorial (main)
$ git status
On branch main

No commits yet

Untracked files:
  (use "git add <file>..." to include in what will be committed)
        config.js
        index.js

nothing added to commit but untracked files present (use "git add" to track)

PC@DESKTOP-00PD6K2 MINGW64 ~/Desktop/Git-tutorial (main)
$ git add *


PC@DESKTOP-00PD6K2 MINGW64 ~/Desktop/Git-tutorial (main)
$
g
PC@DESKTOP-00PD6K2 MINGW64 ~/Desktop/Git-tutorial (main)
$ git status
On branch main

No commits yet

Changes to be committed:
  (use "git rm --cached <file>..." to unstage)
        new file:   config.js
        new file:   index.js


PC@DESKTOP-00PD6K2 MINGW64 ~/Desktop/Git-tutorial (main)
$ gti commit -m "Version 1"
bash: gti: command not found

PC@DESKTOP-00PD6K2 MINGW64 ~/Desktop/Git-tutorial (main)
$ git commit -m "Version 1"
[main (root-commit) f4af323] Version 1
 2 files changed, 0 insertions(+), 0 deletions(-)
 create mode 100644 config.js
 create mode 100644 index.js

PC@DESKTOP-00PD6K2 MINGW64 ~/Desktop/Git-tutorial (main)
$ git status
On branch main
Changes to be committed:
  (use "git restore --staged <file>..." to unstage)
        modified:   config.js

Changes not staged for commit:
  (use "git add <file>..." to update what will be committed)
  (use "git restore <file>..." to discard changes in working directory)
        modified:   config.js
        modified:   index.js


PC@DESKTOP-00PD6K2 MINGW64 ~/Desktop/Git-tutorial (main)
$ git add index.js

PC@DESKTOP-00PD6K2 MINGW64 ~/Desktop/Git-tutorial (main)
$ git status
On branch main
Changes to be committed:
  (use "git restore --staged <file>..." to unstage)
        modified:   config.js
        modified:   index.js

Changes not staged for commit:
  (use "git add <file>..." to update what will be committed)
  (use "git restore <file>..." to discard changes in working directory)
        modified:   config.js


PC@DESKTOP-00PD6K2 MINGW64 ~/Desktop/Git-tutorial (main)
$ git config --global user.name "Basel"

PC@DESKTOP-00PD6K2 MINGW64 ~/Desktop/Git-tutorial (main)
$  git commit -m "Version 1" --amend
[main bd850f2] Version 1
 Date: Fri Apr 18 06:12:23 2025 +0300
 2 files changed, 2 insertions(+)
 create mode 100644 config.js
 create mode 100644 index.js

PC@DESKTOP-00PD6K2 MINGW64 ~/Desktop/Git-tutorial (main)
$ git reset config
fatal: ambiguous argument 'config': unknown revision or path not in the working
 tree.
Use '--' to separate paths from revisions, like this:
'git <command> [<revision>...] -- [<file>...]'

PC@DESKTOP-00PD6K2 MINGW64 ~/Desktop/Git-tutorial (main)
$ git reset .
Unstaged changes after reset:
M       config.js

PC@DESKTOP-00PD6K2 MINGW64 ~/Desktop/Git-tutorial (main)
$  git checkout -- .

PC@DESKTOP-00PD6K2 MINGW64 ~/Desktop/Git-tutorial (main)
$ git commit -m "version 2"
On branch main
nothing to commit, working tree clean

PC@DESKTOP-00PD6K2 MINGW64 ~/Desktop/Git-tutorial (main)
$ git add .

PC@DESKTOP-00PD6K2 MINGW64 ~/Desktop/Git-tutorial (main)
$ git commmit -m "Version 3"
git: 'commmit' is not a git command. See 'git --help'.

The most similar command is
        commit

PC@DESKTOP-00PD6K2 MINGW64 ~/Desktop/Git-tutorial (main)
$ git commit -m "Version 3 "
[main 0de1a8f] Version 3
 2 files changed, 4 insertions(+), 2 deletions(-)

PC@DESKTOP-00PD6K2 MINGW64 ~/Desktop/Git-tutorial (main)
$ git log
commit 0de1a8f3f6b7040f976e95f4fce562bdf8580dc4 (HEAD -> main)
Author: Basel <basilalaryq2003@gmail.com>
Date:   Fri Apr 18 08:27:57 2025 +0300

    Version 3

commit 96d4e911f4dee0b7416f32a7c8ad0ee2ec75859c
Author: Basel <basilalaryq2003@gmail.com>
Date:   Fri Apr 18 08:25:43 2025 +0300

    version 2

commit bd850f2adc309b5d0e1de0bf2498320f7c5d8c62
Author: Basel <basilalaryq2003@gmail.com>
Date:   Fri Apr 18 06:12:23 2025 +0300

    Version 1

PC@DESKTOP-00PD6K2 MINGW64 ~/Desktop/Git-tutorial (main)
$ git checkout 0de1a8f3f6b7040f976e95f4fce562bdf8580dc4
Note: switching to '0de1a8f3f6b7040f976e95f4fce562bdf8580dc4'.

You are in 'detached HEAD' state. You can look around, make experimental
changes and commit them, and you can discard any commits you make in this
state without impacting any branches by switching back to a branch.

If you want to create a new branch to retain commits you create, you may
do so (now or later) by using -c with the switch command. Example:

  git switch -c <new-branch-name>

Or undo this operation with:

  git switch -

Turn off this advice by setting config variable advice.detachedHead to false

HEAD is now at 0de1a8f Version 3

PC@DESKTOP-00PD6K2 MINGW64 ~/Desktop/Git-tutorial ((0de1a8f...))
$ git checkout bd850f2adc309b5d0e1de0bf2498320f7c5d8c62
Previous HEAD position was 0de1a8f Version 3
HEAD is now at bd850f2 Version 1

PC@DESKTOP-00PD6K2 MINGW64 ~/Desktop/Git-tutorial ((bd850f2...))
$ git checkout 96d4e911f4dee0b7416f32a7c8ad0ee2ec75859c
Previous HEAD position was bd850f2 Version 1
HEAD is now at 96d4e91 version 2

PC@DESKTOP-00PD6K2 MINGW64 ~/Desktop/Git-tutorial ((96d4e91...))
$ git checkout bd850f2adc309b5d0e1de0bf2498320f7c5d8c62
Previous HEAD position was 96d4e91 version 2
HEAD is now at bd850f2 Version 1

PC@DESKTOP-00PD6K2 MINGW64 ~/Desktop/Git-tutorial ((bd850f2...))
$ git log
commit bd850f2adc309b5d0e1de0bf2498320f7c5d8c62 (HEAD)
Author: Basel <basilalaryq2003@gmail.com>
Date:   Fri Apr 18 06:12:23 2025 +0300

    Version 1

PC@DESKTOP-00PD6K2 MINGW64 ~/Desktop/Git-tutorial ((bd850f2...))
$ git log -- all

PC@DESKTOP-00PD6K2 MINGW64 ~/Desktop/Git-tutorial ((bd850f2...))
$ git log --all
commit 0de1a8f3f6b7040f976e95f4fce562bdf8580dc4 (main)
Author: Basel <basilalaryq2003@gmail.com>
Date:   Fri Apr 18 08:27:57 2025 +0300

    Version 3

commit 96d4e911f4dee0b7416f32a7c8ad0ee2ec75859c
Author: Basel <basilalaryq2003@gmail.com>
Date:   Fri Apr 18 08:25:43 2025 +0300

    version 2

commit bd850f2adc309b5d0e1de0bf2498320f7c5d8c62 (HEAD)
Author: Basel <basilalaryq2003@gmail.com>
Date:   Fri Apr 18 06:12:23 2025 +0300

    Version 1

PC@DESKTOP-00PD6K2 MINGW64 ~/Desktop/Git-tutorial ((bd850f2...))
$ git log --all
--all         --all-match

PC@DESKTOP-00PD6K2 MINGW64 ~/Desktop/Git-tutorial ((bd850f2...))
$ git commit -m "Version 1 updated"
HEAD detached at bd850f2
nothing to commit, working tree clean

PC@DESKTOP-00PD6K2 MINGW64 ~/Desktop/Git-tutorial ((bd850f2...))
$ git add .
g
PC@DESKTOP-00PD6K2 MINGW64 ~/Desktop/Git-tutorial ((bd850f2...))
$ git commit -m "Version 1 updated"
HEAD detached at bd850f2
nothing to commit, working tree clean

PC@DESKTOP-00PD6K2 MINGW64 ~/Desktop/Git-tutorial ((bd850f2...))
$ git log --all --graph
* commit 0de1a8f3f6b7040f976e95f4fce562bdf8580dc4 (main)
| Author: Basel <basilalaryq2003@gmail.com>
| Date:   Fri Apr 18 08:27:57 2025 +0300
|
|     Version 3
|
* commit 96d4e911f4dee0b7416f32a7c8ad0ee2ec75859c
| Author: Basel <basilalaryq2003@gmail.com>
| Date:   Fri Apr 18 08:25:43 2025 +0300
|
|     version 2
|
* commit bd850f2adc309b5d0e1de0bf2498320f7c5d8c62 (HEAD)
  Author: Basel <basilalaryq2003@gmail.com>
  Date:   Fri Apr 18 06:12:23 2025 +0300

      Version 1

PC@DESKTOP-00PD6K2 MINGW64 ~/Desktop/Git-tutorial ((bd850f2...))
$ git checkout 96d4e911f4dee0b7416f32a7c8ad0ee2ec75859c .
Updated 2 paths from 4664ffa

PC@DESKTOP-00PD6K2 MINGW64 ~/Desktop/Git-tutorial ((bd850f2...))
$ git log --all --graph
* commit 0de1a8f3f6b7040f976e95f4fce562bdf8580dc4 (main)
| Author: Basel <basilalaryq2003@gmail.com>
| Date:   Fri Apr 18 08:27:57 2025 +0300
|
|     Version 3
|
* commit 96d4e911f4dee0b7416f32a7c8ad0ee2ec75859c
| Author: Basel <basilalaryq2003@gmail.com>
| Date:   Fri Apr 18 08:25:43 2025 +0300
|
|     version 2
|
* commit bd850f2adc309b5d0e1de0bf2498320f7c5d8c62 (HEAD)
  Author: Basel <basilalaryq2003@gmail.com>
  Date:   Fri Apr 18 06:12:23 2025 +0300

      Version 1

PC@DESKTOP-00PD6K2 MINGW64 ~/Desktop/Git-tutorial ((bd850f2...))
$ git status
HEAD detached at bd850f2
Changes to be committed:
  (use "git restore --staged <file>..." to unstage)
        modified:   config.js
        modified:   index.js


PC@DESKTOP-00PD6K2 MINGW64 ~/Desktop/Git-tutorial ((bd850f2...))
$ git config --global alias.s "status"

PC@DESKTOP-00PD6K2 MINGW64 ~/Desktop/Git-tutorial ((bd850f2...))
$ git s
HEAD detached at bd850f2
Changes to be committed:
  (use "git restore --staged <file>..." to unstage)
        modified:   config.js
        modified:   index.js


PC@DESKTOP-00PD6K2 MINGW64 ~/Desktop/Git-tutorial ((bd850f2...))
$ git config --global alias.cm "commit -m"

PC@DESKTOP-00PD6K2 MINGW64 ~/Desktop/Git-tutorial ((bd850f2...))
$ git config --global alias.ch "checkout"

PC@DESKTOP-00PD6K2 MINGW64 ~/Desktop/Git-tutorial ((bd850f2...))
$ git add .

PC@DESKTOP-00PD6K2 MINGW64 ~/Desktop/Git-tutorial ((bd850f2...))
$ git s
HEAD detached at bd850f2
Changes to be committed:
  (use "git restore --staged <file>..." to unstage)
        new file:   .gitignore
        modified:   config.js
        modified:   index.js


PC@DESKTOP-00PD6K2 MINGW64 ~/Desktop/Git-tutorial ((bd850f2...))
$ git cm "add gitigonre"
[detached HEAD ee29356] add gitigonre
 3 files changed, 3 insertions(+), 2 deletions(-)
 create mode 100644 .gitignore

PC@DESKTOP-00PD6K2 MINGW64 ~/Desktop/Git-tutorial ((ee29356...))
$ git s
HEAD detached from bd850f2
nothing to commit, working tree clean

PC@DESKTOP-00PD6K2 MINGW64 ~/Desktop/Git-tutorial ((ee29356...))
$
